// Jest Snapshot v1, https://goo.gl/fbAQLP

exports[`Check component:<Users /> is rendering properly Should render and match the snapshot 1`] = `
.c3 {
  width: 100%;
  max-width: 400px;
}

.c4 {
  max-width: 500px;
}

.c0 .ant-page-header-heading-extra {
  width: 100%;
}

.c1 {
  display: -webkit-box;
  display: -webkit-flex;
  display: -ms-flexbox;
  display: flex;
  -webkit-box-pack: justify;
  -webkit-justify-content: space-between;
  -ms-flex-pack: justify;
  justify-content: space-between;
}

.c2 {
  width: 100%;
  vertical-align: middle;
  margin: 1px;
}

.c2 .ant-space-item {
  width: 100%;
}

.c6 {
  min-width: 1000px;
}

.c6 .ant-table-content {
  overflow-x: auto;
  min-width: 1000px;
}

.c6 .ant-table-cell {
  background-color: #fff;
}

.c5 {
  box-sizing: border-box;
  margin: 0;
  color: rgba(0,0,0,0.85);
  font-size: 14px;
  font-variant: tabular-nums;
  line-height: 1.5715;
  list-style: none;
  font-feature-settings: 'tnum';
  position: relative;
  padding: 16px 24px;
  overflow-x: auto;
}

@media all and (min-width:768px) {
  .c0 .ant-page-header-heading-extra {
    width: auto;
  }
}

@media all and (min-width:768px) and (max-width:1024px) {
  .c1 {
    -webkit-flex-direction: column;
    -ms-flex-direction: column;
    flex-direction: column;
    margin: 0 5px 0 0;
  }
}

@media all and (min-width:480px) and (max-width:768px) {
  .c1 {
    -webkit-flex-direction: column;
    -ms-flex-direction: column;
    flex-direction: column;
  }
}

@media all and (max-width:480px) {
  .c1 {
    -webkit-flex-direction: column;
    -ms-flex-direction: column;
    flex-direction: column;
  }
}

<div>
  <div
    class="ant-page-header c0 ant-page-header-ghost"
  >
    <div
      class="ant-page-header-heading "
    >
      <div
        class="ant-page-header-heading-left"
      >
        <span
          class="ant-page-header-heading-title"
          title="Users"
        >
          Users
        </span>
      </div>
      <span
        class="ant-page-header-heading-extra"
      >
        <div
          class="ant-space css-dev-only-do-not-override-18iikkb ant-space-horizontal ant-space-align-center ant-space-gap-row-small ant-space-gap-col-small"
        >
          <div
            class="ant-space-item"
          >
            <div
              class="c1"
            >
              <div
                class="ant-space css-dev-only-do-not-override-18iikkb ant-space-horizontal ant-space-align-center ant-space-gap-row-small ant-space-gap-col-small c2"
              >
                <div
                  class="ant-space-item"
                >
                  <div
                    class="ant-select c3 css-dev-only-do-not-override-18iikkb ant-select-single ant-select-allow-clear ant-select-show-arrow ant-select-disabled"
                  >
                    <div
                      class="ant-select-selector"
                    >
                      <span
                        class="ant-select-selection-search"
                      >
                        <input
                          aria-autocomplete="list"
                          aria-controls="rc_select_TEST_OR_SSR_list"
                          aria-expanded="false"
                          aria-haspopup="listbox"
                          aria-label="Search"
                          aria-owns="rc_select_TEST_OR_SSR_list"
                          autocomplete="off"
                          class="ant-select-selection-search-input"
                          disabled=""
                          id="rc_select_TEST_OR_SSR"
                          readonly=""
                          role="combobox"
                          style="opacity: 0;"
                          type="search"
                          unselectable="on"
                          value=""
                        />
                      </span>
                      <span
                        class="ant-select-selection-placeholder"
                      >
                        User Status
                      </span>
                    </div>
                    <span
                      aria-hidden="true"
                      class="ant-select-arrow"
                      style="user-select: none;"
                      unselectable="on"
                    >
                      <span
                        aria-label="down"
                        class="anticon anticon-down ant-select-suffix"
                        role="img"
                      >
                        <svg
                          aria-hidden="true"
                          data-icon="down"
                          fill="currentColor"
                          focusable="false"
                          height="1em"
                          viewBox="64 64 896 896"
                          width="1em"
                        >
                          <path
                            d="M884 256h-75c-5.1 0-9.9 2.5-12.9 6.6L512 654.2 227.9 262.6c-3-4.1-7.8-6.6-12.9-6.6h-75c-6.5 0-10.3 7.4-6.5 12.7l352.6 486.1c12.8 17.6 39 17.6 51.7 0l352.6-486.1c3.9-5.3.1-12.7-6.4-12.7z"
                          />
                        </svg>
                      </span>
                    </span>
                  </div>
                </div>
              </div>
              <div
                class="ant-space css-dev-only-do-not-override-18iikkb ant-space-horizontal ant-space-align-center ant-space-gap-row-small ant-space-gap-col-small c2"
              >
                <div
                  class="ant-space-item"
                >
                  <span
                    class="ant-input-group-wrapper ant-input-search c4 css-dev-only-do-not-override-18iikkb"
                  >
                    <span
                      class="ant-input-wrapper ant-input-group css-dev-only-do-not-override-18iikkb"
                    >
                      <span
                        class="ant-input-affix-wrapper css-dev-only-do-not-override-18iikkb"
                      >
                        <input
                          class="ant-input css-dev-only-do-not-override-18iikkb"
                          placeholder="Search User"
                          type="text"
                          value=""
                        />
                        <span
                          class="ant-input-suffix"
                        >
                          <span
                            class="ant-input-clear-icon ant-input-clear-icon-hidden"
                            role="button"
                            tabindex="-1"
                          >
                            <span
                              aria-label="close-circle"
                              class="anticon anticon-close-circle"
                              role="img"
                            >
                              <svg
                                aria-hidden="true"
                                data-icon="close-circle"
                                fill="currentColor"
                                fill-rule="evenodd"
                                focusable="false"
                                height="1em"
                                viewBox="64 64 896 896"
                                width="1em"
                              >
                                <path
                                  d="M512 64c247.4 0 448 200.6 448 448S759.4 960 512 960 64 759.4 64 512 264.6 64 512 64zm127.98 274.82h-.04l-.08.06L512 466.75 384.14 338.88c-.04-.05-.06-.06-.08-.06a.12.12 0 00-.07 0c-.03 0-.05.01-.09.05l-45.02 45.02a.2.2 0 00-.05.09.12.12 0 000 .07v.02a.27.27 0 00.06.06L466.75 512 338.88 639.86c-.05.04-.06.06-.06.08a.12.12 0 000 .07c0 .03.01.05.05.09l45.02 45.02a.2.2 0 00.09.05.12.12 0 00.07 0c.02 0 .04-.01.08-.05L512 557.25l127.86 127.87c.04.04.06.05.08.05a.12.12 0 00.07 0c.03 0 .05-.01.09-.05l45.02-45.02a.2.2 0 00.05-.09.12.12 0 000-.07v-.02a.27.27 0 00-.05-.06L557.25 512l127.87-127.86c.04-.04.05-.06.05-.08a.12.12 0 000-.07c0-.03-.01-.05-.05-.09l-45.02-45.02a.2.2 0 00-.09-.05.12.12 0 00-.07 0z"
                                />
                              </svg>
                            </span>
                          </span>
                        </span>
                      </span>
                      <span
                        class="ant-input-group-addon"
                      >
                        <button
                          class="ant-btn css-dev-only-do-not-override-18iikkb ant-btn-default ant-btn-icon-only ant-input-search-button"
                          type="button"
                        >
                          <span
                            class="ant-btn-icon"
                          >
                            <span
                              aria-label="search"
                              class="anticon anticon-search"
                              role="img"
                            >
                              <svg
                                aria-hidden="true"
                                data-icon="search"
                                fill="currentColor"
                                focusable="false"
                                height="1em"
                                viewBox="64 64 896 896"
                                width="1em"
                              >
                                <path
                                  d="M909.6 854.5L649.9 594.8C690.2 542.7 712 479 712 412c0-80.2-31.3-155.4-87.9-212.1-56.6-56.7-132-87.9-212.1-87.9s-155.5 31.3-212.1 87.9C143.2 256.5 112 331.8 112 412c0 80.1 31.3 155.5 87.9 212.1C256.5 680.8 331.8 712 412 712c67 0 130.6-21.8 182.7-62l259.7 259.6a8.2 8.2 0 0011.6 0l43.6-43.5a8.2 8.2 0 000-11.6zM570.4 570.4C528 612.7 471.8 636 412 636s-116-23.3-158.4-65.6C211.3 528 188 471.8 188 412s23.3-116.1 65.6-158.4C296 211.3 352.2 188 412 188s116.1 23.2 158.4 65.6S636 352.2 636 412s-23.3 116.1-65.6 158.4z"
                                />
                              </svg>
                            </span>
                          </span>
                        </button>
                      </span>
                    </span>
                  </span>
                </div>
              </div>
              <div
                class="ant-space css-dev-only-do-not-override-18iikkb ant-space-horizontal ant-space-align-center ant-space-gap-row-small ant-space-gap-col-small c2"
              >
                <div
                  class="ant-space-item"
                >
                  <button
                    class="ant-btn css-dev-only-do-not-override-18iikkb ant-btn-default"
                    color="primary"
                    data-testid="ADD_USER"
                    type="button"
                  >
                    <span>
                      Add User
                    </span>
                  </button>
                </div>
              </div>
            </div>
          </div>
        </div>
      </span>
    </div>
  </div>
  <div
    class="c5"
  >
    <div
      class="ant-table-wrapper c6 css-dev-only-do-not-override-18iikkb"
    >
      <div
        class="ant-spin-nested-loading css-dev-only-do-not-override-18iikkb"
      >
        <div>
          <div
            aria-busy="true"
            aria-live="polite"
            class="ant-spin ant-spin-spinning css-dev-only-do-not-override-18iikkb"
          >
            <span
              class="ant-spin-dot ant-spin-dot-spin"
            >
              <i
                class="ant-spin-dot-item"
              />
              <i
                class="ant-spin-dot-item"
              />
              <i
                class="ant-spin-dot-item"
              />
              <i
                class="ant-spin-dot-item"
              />
            </span>
          </div>
        </div>
        <div
          class="ant-spin-container ant-spin-blur"
        >
          <div
            class="ant-table ant-table-empty"
          >
            <div
              class="ant-table-container"
            >
              <div
                class="ant-table-content"
              >
                <table
                  style="table-layout: auto;"
                >
                  <colgroup>
                    <col
                      class="ant-table-expand-icon-col"
                    />
                    <col
                      style="width: 10%;"
                    />
                    <col
                      style="width: 20%;"
                    />
                    <col
                      style="width: 20%;"
                    />
                    <col
                      style="width: 15%;"
                    />
                    <col
                      style="width: 15%;"
                    />
                    <col
                      style="width: 20%;"
                    />
                  </colgroup>
                  <thead
                    class="ant-table-thead"
                  >
                    <tr>
                      <td
                        class="ant-table-cell ant-table-row-expand-icon-cell"
                      />
                      <th
                        aria-label="User Id"
                        class="ant-table-cell ant-table-column-has-sorters"
                        scope="col"
                        tabindex="0"
                      >
                        <div
                          class="ant-table-column-sorters"
                        >
                          <span
                            class="ant-table-column-title"
                          >
                            User Id
                          </span>
                          <span
                            class="ant-table-column-sorter ant-table-column-sorter-full"
                          >
                            <span
                              aria-hidden="true"
                              class="ant-table-column-sorter-inner"
                            >
                              <span
                                aria-label="caret-up"
                                class="anticon anticon-caret-up ant-table-column-sorter-up"
                                role="img"
                              >
                                <svg
                                  aria-hidden="true"
                                  data-icon="caret-up"
                                  fill="currentColor"
                                  focusable="false"
                                  height="1em"
                                  viewBox="0 0 1024 1024"
                                  width="1em"
                                >
                                  <path
                                    d="M858.9 689L530.5 308.2c-9.4-10.9-27.5-10.9-37 0L165.1 689c-12.2 14.2-1.2 35 18.5 35h656.8c19.7 0 30.7-20.8 18.5-35z"
                                  />
                                </svg>
                              </span>
                              <span
                                aria-label="caret-down"
                                class="anticon anticon-caret-down ant-table-column-sorter-down"
                                role="img"
                              >
                                <svg
                                  aria-hidden="true"
                                  data-icon="caret-down"
                                  fill="currentColor"
                                  focusable="false"
                                  height="1em"
                                  viewBox="0 0 1024 1024"
                                  width="1em"
                                >
                                  <path
                                    d="M840.4 300H183.6c-19.7 0-30.7 20.8-18.5 35l328.4 380.8c9.4 10.9 27.5 10.9 37 0L858.9 335c12.2-14.2 1.2-35-18.5-35z"
                                  />
                                </svg>
                              </span>
                            </span>
                          </span>
                        </div>
                      </th>
                      <th
                        aria-label="Name"
                        class="ant-table-cell ant-table-column-has-sorters"
                        scope="col"
                        tabindex="0"
                      >
                        <div
                          class="ant-table-column-sorters"
                        >
                          <span
                            class="ant-table-column-title"
                          >
                            Name
                          </span>
                          <span
                            class="ant-table-column-sorter ant-table-column-sorter-full"
                          >
                            <span
                              aria-hidden="true"
                              class="ant-table-column-sorter-inner"
                            >
                              <span
                                aria-label="caret-up"
                                class="anticon anticon-caret-up ant-table-column-sorter-up"
                                role="img"
                              >
                                <svg
                                  aria-hidden="true"
                                  data-icon="caret-up"
                                  fill="currentColor"
                                  focusable="false"
                                  height="1em"
                                  viewBox="0 0 1024 1024"
                                  width="1em"
                                >
                                  <path
                                    d="M858.9 689L530.5 308.2c-9.4-10.9-27.5-10.9-37 0L165.1 689c-12.2 14.2-1.2 35 18.5 35h656.8c19.7 0 30.7-20.8 18.5-35z"
                                  />
                                </svg>
                              </span>
                              <span
                                aria-label="caret-down"
                                class="anticon anticon-caret-down ant-table-column-sorter-down"
                                role="img"
                              >
                                <svg
                                  aria-hidden="true"
                                  data-icon="caret-down"
                                  fill="currentColor"
                                  focusable="false"
                                  height="1em"
                                  viewBox="0 0 1024 1024"
                                  width="1em"
                                >
                                  <path
                                    d="M840.4 300H183.6c-19.7 0-30.7 20.8-18.5 35l328.4 380.8c9.4 10.9 27.5 10.9 37 0L858.9 335c12.2-14.2 1.2-35-18.5-35z"
                                  />
                                </svg>
                              </span>
                            </span>
                          </span>
                        </div>
                      </th>
                      <th
                        aria-label="Email"
                        class="ant-table-cell ant-table-column-has-sorters"
                        scope="col"
                        tabindex="0"
                      >
                        <div
                          class="ant-table-column-sorters"
                        >
                          <span
                            class="ant-table-column-title"
                          >
                            Email
                          </span>
                          <span
                            class="ant-table-column-sorter ant-table-column-sorter-full"
                          >
                            <span
                              aria-hidden="true"
                              class="ant-table-column-sorter-inner"
                            >
                              <span
                                aria-label="caret-up"
                                class="anticon anticon-caret-up ant-table-column-sorter-up"
                                role="img"
                              >
                                <svg
                                  aria-hidden="true"
                                  data-icon="caret-up"
                                  fill="currentColor"
                                  focusable="false"
                                  height="1em"
                                  viewBox="0 0 1024 1024"
                                  width="1em"
                                >
                                  <path
                                    d="M858.9 689L530.5 308.2c-9.4-10.9-27.5-10.9-37 0L165.1 689c-12.2 14.2-1.2 35 18.5 35h656.8c19.7 0 30.7-20.8 18.5-35z"
                                  />
                                </svg>
                              </span>
                              <span
                                aria-label="caret-down"
                                class="anticon anticon-caret-down ant-table-column-sorter-down"
                                role="img"
                              >
                                <svg
                                  aria-hidden="true"
                                  data-icon="caret-down"
                                  fill="currentColor"
                                  focusable="false"
                                  height="1em"
                                  viewBox="0 0 1024 1024"
                                  width="1em"
                                >
                                  <path
                                    d="M840.4 300H183.6c-19.7 0-30.7 20.8-18.5 35l328.4 380.8c9.4 10.9 27.5 10.9 37 0L858.9 335c12.2-14.2 1.2-35-18.5-35z"
                                  />
                                </svg>
                              </span>
                            </span>
                          </span>
                        </div>
                      </th>
                      <th
                        aria-label="Status"
                        class="ant-table-cell ant-table-column-has-sorters"
                        scope="col"
                        tabindex="0"
                      >
                        <div
                          class="ant-table-column-sorters"
                        >
                          <span
                            class="ant-table-column-title"
                          >
                            Status
                          </span>
                          <span
                            class="ant-table-column-sorter ant-table-column-sorter-full"
                          >
                            <span
                              aria-hidden="true"
                              class="ant-table-column-sorter-inner"
                            >
                              <span
                                aria-label="caret-up"
                                class="anticon anticon-caret-up ant-table-column-sorter-up"
                                role="img"
                              >
                                <svg
                                  aria-hidden="true"
                                  data-icon="caret-up"
                                  fill="currentColor"
                                  focusable="false"
                                  height="1em"
                                  viewBox="0 0 1024 1024"
                                  width="1em"
                                >
                                  <path
                                    d="M858.9 689L530.5 308.2c-9.4-10.9-27.5-10.9-37 0L165.1 689c-12.2 14.2-1.2 35 18.5 35h656.8c19.7 0 30.7-20.8 18.5-35z"
                                  />
                                </svg>
                              </span>
                              <span
                                aria-label="caret-down"
                                class="anticon anticon-caret-down ant-table-column-sorter-down"
                                role="img"
                              >
                                <svg
                                  aria-hidden="true"
                                  data-icon="caret-down"
                                  fill="currentColor"
                                  focusable="false"
                                  height="1em"
                                  viewBox="0 0 1024 1024"
                                  width="1em"
                                >
                                  <path
                                    d="M840.4 300H183.6c-19.7 0-30.7 20.8-18.5 35l328.4 380.8c9.4 10.9 27.5 10.9 37 0L858.9 335c12.2-14.2 1.2-35-18.5-35z"
                                  />
                                </svg>
                              </span>
                            </span>
                          </span>
                        </div>
                      </th>
                      <th
                        class="ant-table-cell"
                        scope="col"
                      >
                        Last Access Date
                      </th>
                      <th
                        class="ant-table-cell"
                        scope="col"
                      >
                        Actions
                      </th>
                    </tr>
                  </thead>
                  <tbody
                    class="ant-table-tbody"
                  >
                    <tr
                      class="ant-table-placeholder"
                    >
                      <td
                        class="ant-table-cell"
                        colspan="7"
                      >
                        <div
                          class="css-dev-only-do-not-override-18iikkb ant-empty ant-empty-normal"
                        >
                          <div
                            class="ant-empty-image"
                          >
                            <svg
                              height="41"
                              viewBox="0 0 64 41"
                              width="64"
                              xmlns="http://www.w3.org/2000/svg"
                            >
                              <g
                                fill="none"
                                fill-rule="evenodd"
                                transform="translate(0 1)"
                              >
                                <ellipse
                                  cx="32"
                                  cy="33"
                                  fill="#f5f5f5"
                                  rx="32"
                                  ry="7"
                                />
                                <g
                                  fill-rule="nonzero"
                                  stroke="#d9d9d9"
                                >
                                  <path
                                    d="M55 12.76L44.854 1.258C44.367.474 43.656 0 42.907 0H21.093c-.749 0-1.46.474-1.947 1.257L9 12.761V22h46v-9.24z"
                                  />
                                  <path
                                    d="M41.613 15.931c0-1.605.994-2.93 2.227-2.931H55v18.137C55 33.26 53.68 35 52.05 35h-40.1C10.32 35 9 33.259 9 31.137V13h11.16c1.233 0 2.227 1.323 2.227 2.928v.022c0 1.605 1.005 2.901 2.237 2.901h14.752c1.232 0 2.237-1.308 2.237-2.913v-.007z"
                                    fill="#fafafa"
                                  />
                                </g>
                              </g>
                            </svg>
                          </div>
                          <div
                            class="ant-empty-description"
                          >
                            No data
                          </div>
                        </div>
                      </td>
                    </tr>
                  </tbody>
                </table>
              </div>
            </div>
          </div>
        </div>
      </div>
    </div>
  </div>
</div>
`;
