// Jest Snapshot v1, https://goo.gl/fbAQLP

exports[`<ListWithInfiniteLoader /> should render and match the snapshot 1`] = `
.c0 .demo-infinite-container {
  overflow: auto;
  border-radius: 4px;
}

.c0 .demo-loading-container {
  position: absolute;
  bottom: 40px;
  width: 100%;
  text-align: center;
}

<div
  class="c0"
>
  <div
    class="demo-infinite-container"
  >
    <div>
      <div
        class="ant-list ant-list-split"
      >
        <div
          class="ant-spin-nested-loading"
        >
          <div
            class="ant-spin-container"
          >
            <ul
              class="ant-list-items"
            >
              <li
                class="ant-list-item"
              >
                <div
                  class="ant-list-item-meta"
                >
                  <div
                    class="ant-list-item-meta-avatar"
                  >
                    <span
                      class="ant-avatar ant-avatar-circle ant-avatar-image"
                    >
                      <img
                        src="https://zos.alipayobjects.com/rmsportal/ODTLcjxAfvqbxHnVXCYX.png"
                      />
                    </span>
                  </div>
                  <div
                    class="ant-list-item-meta-content"
                  >
                    <h4
                      class="ant-list-item-meta-title"
                    >
                      testInfiniteLoader
                    </h4>
                    <div
                      class="ant-list-item-meta-description"
                    >
                      test@234.com
                    </div>
                  </div>
                </div>
              </li>
            </ul>
          </div>
        </div>
      </div>
    </div>
  </div>
</div>
`;
