// Jest Snapshot v1, https://goo.gl/fbAQLP

exports[`<App /> should render and match the snapshot 1`] = `
<div>
  <UNDEFINED>
    <Route
      component={[Function]}
      exact={true}
      path="/"
    />
    <Route
      component={[Function]}
    />
  </UNDEFINED>
  <Memo(a) />
</div>
`;
