// Jest Snapshot v1, https://goo.gl/fbAQLP

exports[`<App /> should render and match the snapshot 1`] = `
<App__AppWrapper
  data-testid="AppRoutes"
>
  <HelmetWrapper
    defaultTitle="React.js Boilerplate"
    defer={true}
    encodeSpecialCharacters={true}
    titleTemplate="%s - React.js Boilerplate"
  >
    <meta
      content="A React.js Boilerplate application"
      name="description"
    />
    <link
      href="IMAGE_MOCK"
      rel="icon"
      sizes="512x512"
      type="image/png"
    />
    <link
      href="IMAGE_MOCK"
      rel="icon"
      sizes="192x192"
      type="image/png"
    />
    <link
      href="IMAGE_MOCK"
      rel="icon"
      sizes="32x32"
      type="image/png"
    />
    <link
      href="IMAGE_MOCK"
      rel="icon"
      sizes="16x16"
      type="image/png"
    />
    <link
      href="IMAGE_MOCK"
      rel="apple-touch-icon"
    />
  </HelmetWrapper>
  <Routes>
    <Route
      element={<PrivateRoute />}
    >
      <Route
        element={<Unknown />}
        exact={true}
        path="/"
      />
      <Route
        element={<Unknown />}
        path="/github-search"
      />
      <Route
        element={<Unknown />}
        path="/profile"
      />
      <Route
        element={<Unknown />}
        path="/logout"
      />
      <Route
        element={<Unknown />}
        path="/loader"
      />
      <Route
        element={<Unknown />}
        path="/export-data"
      />
      <Route
        element={<Unknown />}
        path="/users"
      />
      <Route
        element={<Unknown />}
        path="/charts"
      />
      <Route
        element={<Unknown />}
        path="/products"
      />
      <Route
        element={<Unknown />}
        path="/multi-tab-support"
      />
      <Route
        element={<Unknown />}
        path="/change-password"
      />
      <Route
        element={<Unknown />}
        path="/sample-form"
      />
      <Route
        element={<Unknown />}
        path="/number-converter-demo"
      />
      <Route
        element={<Unknown />}
        path="/react-hook-form"
      />
    </Route>
    <Route
      element={<Unknown />}
    >
      <Route
        element={[Function]}
        path="/admin"
      />
    </Route>
    <Route
      element={<AuthRoute />}
    >
      <Route
        element={<Unknown />}
        exact={true}
        path="/login"
      />
      <Route
        element={<Unknown />}
        exact={true}
        path="/two-factor-authentication"
      />
      <Route
        element={<Unknown />}
        exact={true}
        path="/register"
      />
      <Route
        element={<Unknown />}
        exact={true}
        path="/forgot-password"
      />
    </Route>
    <Route
      component={[Function]}
      exact={true}
      path="/403"
    />
    <Route
      component={[Function]}
      path=""
    />
  </Routes>
  <Memo(l) />
</App__AppWrapper>
`;
