// Jest Snapshot v1, https://goo.gl/fbAQLP

exports[`<TwoFactorAuthentication /> Should render and match the snapshot 1`] = `
.c1 {
  font-family: 'Montserrat',sans-serif;
  display: flex;
  flex: 1;
  flex-wrap: wrap;
  flex-direction: column;
  justify-content: center;
  align-items: center;
  height: 100vh;
}

.c1 .twoFactorAuthenticationTitle {
  text-align: center;
  margin: 0;
  font-weight: 700;
  font-size: 42px;
  color: #4d186e;
}

.c0 {
  font-family: 'Montserrat',sans-serif;
  display: flex;
  flex-wrap: wrap;
}

.c0 .sideContainer {
  max-width: 513px;
  width: 100%;
  background: #4d186e;
  display: flex;
  flex-direction: row;
  justify-content: center;
  align-items: center;
  padding: 32px;
}

.c0 .sideContainer .registrationSideContainer {
  display: flex;
  flex-direction: column;
  align-items: center;
  color: #fff;
}

.c0 .sideContainer .registrationSideContainer .title {
  text-align: center;
  font-size: 42px;
  font-weight: 700;
  margin: 0;
}

.c0 .sideContainer .registrationSideContainer .subTitle {
  width: 60%;
  text-align: center;
  margin: 0;
}

.c0 .sideContainer .registrationSideContainer button {
  margin-top: 35px;
  height: 40px;
  width: 160px;
  background: transparent;
  border: 2px solid #fff;
  border-radius: 50px;
  text-align: center;
  color: #fff;
}

.c0 .sideContainer .registrationSideContainer button:hover {
  color: #fff;
  border-color: #fff;
}

<div>
  <div
    class="c0"
  >
    <div
      class="sideContainer"
    >
      <div
        class="loginContainer"
      >
        <div
          class="registrationSideContainer"
        >
          <p
            class="title"
          >
            New Here!
          </p>
          <p
            class="subTitle"
          >
            To join us, please sign up with your personal info
          </p>
          <a
            href="/register"
          >
            <button
              class="ant-btn css-dev-only-do-not-override-byeoj0 ant-btn-default"
              type="button"
            >
              SIGN UP
            </button>
          </a>
        </div>
      </div>
    </div>
    <div
      class="c1"
    >
      <p
        class="twoFactorAuthenticationTitle"
      >
        Two Factor Authentication
      </p>
      <div
        style="display: flex; align-items: center;"
      >
        <input
          aria-label="Please enter OTP character 1"
          autocomplete="off"
          maxlength="1"
          style="width: 40px; text-align: center; height: 40px; border-radius: 15%; font-weight: bold; font-size: 18px;"
          type="text"
          value=""
        />
        <span>
          -
        </span>
        <input
          aria-label="Please enter OTP character 2"
          autocomplete="off"
          maxlength="1"
          style="width: 40px; text-align: center; height: 40px; border-radius: 15%; font-weight: bold; font-size: 18px;"
          type="text"
          value=""
        />
        <span>
          -
        </span>
        <input
          aria-label="Please enter OTP character 3"
          autocomplete="off"
          maxlength="1"
          style="width: 40px; text-align: center; height: 40px; border-radius: 15%; font-weight: bold; font-size: 18px;"
          type="text"
          value=""
        />
        <span>
          -
        </span>
        <input
          aria-label="Please enter OTP character 4"
          autocomplete="off"
          maxlength="1"
          style="width: 40px; text-align: center; height: 40px; border-radius: 15%; font-weight: bold; font-size: 18px;"
          type="text"
          value=""
        />
        <span>
          -
        </span>
        <input
          aria-label="Please enter OTP character 5"
          autocomplete="off"
          maxlength="1"
          style="width: 40px; text-align: center; height: 40px; border-radius: 15%; font-weight: bold; font-size: 18px;"
          type="text"
          value=""
        />
        <span>
          -
        </span>
        <input
          aria-label="Please enter OTP character 6"
          autocomplete="off"
          maxlength="1"
          style="width: 40px; text-align: center; height: 40px; border-radius: 15%; font-weight: bold; font-size: 18px;"
          type="text"
          value=""
        />
      </div>
    </div>
  </div>
</div>
`;

exports[`<TwoFactorAuthentication /> Should render and match the snapshot Loadable 1`] = `null`;
